// Jest Snapshot v1, https://goo.gl/fbAQLP

exports[`Navbar should render correctly 1`] = `
<nav
  className="navbar"
>
  <ul
    className="navbar__menu"
  />
</nav>
`;
