// Jest Snapshot v1, https://goo.gl/fbAQLP

exports[`Navigation should render correctly 1`] = `
<nav
  className="navigation"
>
  <ul
    className="navigation__menu"
  />
</nav>
`;
